\BOOKMARK [0][-]{chapter.1}{\376\377\000L\000e\000c\000t\000u\000r\000e\000\040\0001\000\040\040\023\000\040\0000\0007\000/\0000\0009\000/\0002\0000\0002\0006}{}% 1
\BOOKMARK [1][-]{subsection.1.0.1}{\376\377\000L\000a\000w}{chapter.1}% 2
\BOOKMARK [2][-]{subsection.1.0.2}{\376\377\000S\000t\000a\000k\000e\000h\000o\000l\000d\000e\000r\000s}{subsection.1.0.1}% 3
\BOOKMARK [2][-]{subsection.1.0.3}{\376\377\000F\000i\000n\000a\000n\000c\000i\000n\000g\000\040\000t\000h\000e\000\040\000C\000o\000m\000p\000a\000n\000y}{subsection.1.0.1}% 4
\BOOKMARK [0][-]{chapter.2}{\376\377\000B\000u\000s\000i\000n\000e\000s\000s\000\040\000M\000o\000d\000e\000l}{}% 5
\BOOKMARK [1][-]{subsection.2.0.1}{\376\377\000E\000m\000e\000r\000g\000i\000n\000g\000\040\000T\000e\000c\000h\000n\000o\000l\000o\000g\000i\000e\000s}{chapter.2}% 6
\BOOKMARK [2][-]{subsection.2.0.2}{\376\377\000E\000x\000a\000m\000p\000l\000e\000s\000\040\000o\000f\000\040\000B\000u\000s\000i\000n\000e\000s\000s\000\040\000M\000o\000d\000e\000l\000s}{subsection.2.0.1}% 7
\BOOKMARK [0][-]{chapter.3}{\376\377\000L\000e\000c\000t\000u\000r\000e\000\040\0002\000\040\040\023\000\040\0000\0009\000/\0000\0009\000/\0002\0000\0002\0006\000\040\000B\000u\000s\000i\000n\000e\000s\000s\000\040\000M\000o\000d\000e\000l\000\040\000C\000a\000n\000v\000a\000s}{}% 8
\BOOKMARK [1][-]{subsection.3.0.1}{\376\377\000B\000u\000s\000i\000n\000e\000s\000s\000\040\000M\000o\000d\000e\000l\000\040\000v\000s\000.\000\040\000B\000u\000s\000i\000n\000e\000s\000s\000\040\000P\000l\000a\000n}{chapter.3}% 9
\BOOKMARK [1][-]{section.3.1}{\376\377\000B\000u\000s\000i\000n\000e\000s\000s\000\040\000M\000o\000d\000e\000l\000\040\000E\000x\000a\000m\000p\000l\000e\000s}{chapter.3}% 10
\BOOKMARK [1][-]{section.3.2}{\376\377\000W\000h\000a\000t\000\040\000i\000s\000\040\000a\000\040\000B\000u\000s\000i\000n\000e\000s\000s\000\040\000M\000o\000d\000e\000l\000?}{chapter.3}% 11
\BOOKMARK [1][-]{section.3.3}{\376\377\0001\000.\000\040\000V\000a\000l\000u\000e\000\040\000P\000r\000o\000p\000o\000s\000i\000t\000i\000o\000n}{chapter.3}% 12
\BOOKMARK [2][-]{subsection.3.3.1}{\376\377\000T\000y\000p\000e\000s\000\040\000o\000f\000\040\000V\000a\000l\000u\000e\000\040\000P\000r\000o\000p\000o\000s\000i\000t\000i\000o\000n\000s}{section.3.3}% 13
\BOOKMARK [1][-]{section.3.4}{\376\377\0002\000.\000\040\000C\000u\000s\000t\000o\000m\000e\000r\000\040\000S\000e\000g\000m\000e\000n\000t\000s\000\040\000\050\000F\000o\000r\000\040\000W\000h\000o\000m\000?\000\051}{chapter.3}% 14
\BOOKMARK [2][-]{subsection.3.4.1}{\376\377\000E\000x\000a\000m\000p\000l\000e\000:\000\040\000F\000e\000r\000r\000a\000r\000i}{section.3.4}% 15
\BOOKMARK [1][-]{section.3.5}{\376\377\0003\000.\000\040\000C\000h\000a\000n\000n\000e\000l\000s\000\050\000\040\000H\000o\000w\000\040\000D\000o\000\040\000W\000e\000\040\000G\000e\000t\000\040\000I\000t\000\040\000t\000o\000\040\000T\000h\000e\000m\000?\000\051}{chapter.3}% 16
\BOOKMARK [2][-]{subsection.3.5.1}{\376\377\000D\000i\000r\000e\000c\000t\000\040\000C\000h\000a\000n\000n\000e\000l\000s}{section.3.5}% 17
\BOOKMARK [2][-]{subsection.3.5.2}{\376\377\000I\000n\000d\000i\000r\000e\000c\000t\000\040\000C\000h\000a\000n\000n\000e\000l\000s}{section.3.5}% 18
\BOOKMARK [2][-]{subsection.3.5.3}{\376\377\000O\000w\000n\000e\000d\000\040\000a\000n\000d\000\040\000P\000a\000r\000t\000n\000e\000r\000\040\000C\000h\000a\000n\000n\000e\000l\000s}{section.3.5}% 19
\BOOKMARK [2][-]{subsection.3.5.4}{\376\377\000R\000e\000t\000a\000i\000l\000\040\000S\000t\000o\000r\000e\000\040\000E\000x\000a\000m\000p\000l\000e}{section.3.5}% 20
\BOOKMARK [1][-]{section.3.6}{\376\377\0004\000.\000\040\000C\000u\000s\000t\000o\000m\000e\000r\000\040\000R\000e\000l\000a\000t\000i\000o\000n\000s\000h\000i\000p\000s}{chapter.3}% 21
\BOOKMARK [1][-]{section.3.7}{\376\377\0005\000.\000\040\000R\000e\000v\000e\000n\000u\000e\000\040\000S\000t\000r\000e\000a\000m\000s}{chapter.3}% 22
\BOOKMARK [1][-]{section.3.8}{\376\377\0006\000.\000\040\000K\000e\000y\000\040\000R\000e\000s\000o\000u\000r\000c\000e\000s}{chapter.3}% 23
\BOOKMARK [2][-]{subsection.3.8.1}{\376\377\000E\000x\000a\000m\000p\000l\000e\000:\000\040\000E\000l\000e\000c\000t\000r\000i\000c\000\040\000C\000a\000r\000\040\000C\000o\000m\000p\000a\000n\000y}{section.3.8}% 24
\BOOKMARK [1][-]{section.3.9}{\376\377\0007\000.\000\040\000K\000e\000y\000\040\000A\000c\000t\000i\000v\000i\000t\000i\000e\000s}{chapter.3}% 25
\BOOKMARK [1][-]{section.3.10}{\376\377\0008\000.\000\040\000K\000e\000y\000\040\000P\000a\000r\000t\000n\000e\000r\000s\000h\000i\000p\000s}{chapter.3}% 26
\BOOKMARK [2][-]{subsection.3.10.1}{\376\377\000F\000o\000u\000r\000\040\000T\000y\000p\000e\000s\000\040\000o\000f\000\040\000P\000a\000r\000t\000n\000e\000r\000s\000h\000i\000p\000s}{section.3.10}% 27
\BOOKMARK [1][-]{section.3.11}{\376\377\0009\000.\000\040\000C\000o\000s\000t\000\040\000S\000t\000r\000u\000c\000t\000u\000r\000e}{chapter.3}% 28
